// Jest Snapshot v1, https://goo.gl/fbAQLP

exports[`NavLinks tests should render NavLinks component 1`] = `
<Fragment>
  <NavList
    ariaLeftScroll="Scroll left"
    ariaRightScroll="Scroll right"
    className=""
    variant="default"
  >
    <NavExpandable
      className=""
      data-testid="navLink_modules"
      groupId="grp-1"
      id=""
      isActive={true}
      isExpanded={true}
      srText=""
      title="Modules"
    >
      <NavItem
        groupId="grp-1"
        isActive={true}
        itemId="grp-1_itm-1"
      >
        <Link
          data-testid="navLink_search"
          to="/search"
        >
          Search
        </Link>
      </NavItem>
      <NavItem
        groupId="grp-1"
        isActive={false}
        itemId="grp-1_itm-2"
      >
        <Link
          to="/module"
        >
          New Module
        </Link>
      </NavItem>
      <NavItem
        groupId="grp-1"
        isActive={false}
        itemId="grp-1_itm-3"
      >
        <Link
          to="/git"
        >
          Git Import
        </Link>
      </NavItem>
    </NavExpandable>
    <NavExpandable
      className=""
      groupId="grp-2"
      id=""
      isActive={false}
      isExpanded={false}
      srText=""
      title="Products"
    >
      <NavItem
        groupId="grp-2"
        isActive={false}
        itemId="grp-2_itm-1"
      >
        <Link
          to="/products"
        >
          Product Listing
        </Link>
      </NavItem>
      <NavItem
        groupId="grp-2"
        isActive={false}
        itemId="grp-2_itm-2"
      >
        <Link
          to="/product"
        >
          New Product
        </Link>
      </NavItem>
    </NavExpandable>
  </NavList>
</Fragment>
`;

exports[`NavLinks tests test browserLink function 1`] = `undefined`;

exports[`NavLinks tests test checkAuth function 1`] = `undefined`;

exports[`NavLinks tests test render function 1`] = `[Function]`;

exports[`NavLinks tests test webConsole function 1`] = `undefined`;

exports[`NavLinks tests test welcomeLink function 1`] = `undefined`;
