// Jest Snapshot v1, https://goo.gl/fbAQLP

exports[`Sidebar tests should render Sidebar component 1`] = `
<PageSidebar
  isNavOpen={true}
  nav={
    <aside
      className="pf-c-page__sidebar"
    >
      <Unknown
        aria-label="Primary Nav Default"
        className="pf-c-nav"
        id="page-layout-default-nav-primary-nav"
      >
        <NavList
          ariaLeftScroll="Scroll left"
          ariaRightScroll="Scroll right"
          className="pf-c-nav__list"
          variant="default"
        >
          <NavLinks
            isAdmin={false}
            isNavOpen={true}
            userAuthenticated={true}
            username="demo"
          />
        </NavList>
      </Unknown>
    </aside>
  }
/>
`;
