// Jest Snapshot v1, https://goo.gl/fbAQLP

exports[`Tests for Pagination should render Pagination component 1`] = `
<Fragment>
  <Level
    className=""
    gutter="md"
  >
    <LevelItem>
      <nav
        aria-label="Countries Pagination"
      >
        <Button
          aria-label={null}
          className=""
          component="button"
          href="#"
          isActive={false}
          isBlock={false}
          isDisabled={true}
          isFocus={false}
          isHover={false}
          isInline={false}
          onClick={[Function]}
          target="_blank"
          type="button"
          variant="primary"
        >
          Previous
        </Button>
        <Button
          aria-label={null}
          className=""
          component="button"
          href="#"
          isActive={false}
          isBlock={false}
          isDisabled={false}
          isFocus={false}
          isHover={false}
          isInline={false}
          onClick={[Function]}
          type="button"
          variant="secondary"
        >
          Next
        </Button>
        <Badge
          className=""
          isRead={false}
          key="pageNumber"
        >
          Page No: 
          1
        </Badge>
      </nav>
    </LevelItem>
    <LevelItem>
      <Badge
        className=""
        isRead={false}
      >
        No. of records on page: 
        1
      </Badge>
    </LevelItem>
  </Level>
</Fragment>
`;
