// Jest Snapshot v1, https://goo.gl/fbAQLP

exports[`AssemblyDisplay tests should render AssemblyDisplay component 1`] = `
<Fragment>
  <div>
    <Level>
      <LevelItem>
        <Title
          headingLevel="h1"
          size="xl"
        />
      </LevelItem>
      <LevelItem />
    </Level>
    <Level>
      <LevelItem>
        <TextContent>
          <Text
            component="small"
          >
            Assembly
          </Text>
        </TextContent>
      </LevelItem>
      <LevelItem />
    </Level>
    <Level>
      <LevelItem>
        <TextContent>
          <Text
            component="pre"
          >
            test
          </Text>
        </TextContent>
      </LevelItem>
      <LevelItem />
      <LevelItem />
      <LevelItem>
        <span>
          â€ƒ
        </span>
      </LevelItem>
    </Level>
    <br />
    <Level>
      <LevelItem>
        <TextContent>
          <Text>
            <strong>
              <span
                id="span-source-type-product"
              >
                Product
              </span>
            </strong>
          </Text>
        </TextContent>
      </LevelItem>
      <LevelItem />
      <LevelItem>
        <TextContent>
          <Text>
            <strong>
              <span
                id="span-source-type-draft-uploaded"
              >
                Draft uploaded
              </span>
            </strong>
          </Text>
        </TextContent>
      </LevelItem>
      <LevelItem>
        <TextContent>
          <Text>
            <strong>
              <span
                id="span-source-type-draft-published"
              >
                Published
              </span>
            </strong>
          </Text>
        </TextContent>
      </LevelItem>
    </Level>
    <Level>
      <LevelItem>
        <TextContent>
          <Text>
            <span>
               
            </span>
          </Text>
        </TextContent>
      </LevelItem>
      <LevelItem />
      <LevelItem>
        <TextContent>
          <Text>
            <span>
              --
            </span>
          </Text>
        </TextContent>
      </LevelItem>
      <LevelItem>
        <TextContent>
          <Text>
            <span>
              --
            </span>
          </Text>
        </TextContent>
      </LevelItem>
    </Level>
    <br />
    <Level>
      <LevelItem />
      <LevelItem />
      <LevelItem>
        <Button
          onClick={[Function]}
          variant="secondary"
        >
          Generate Draft Html
        </Button>
          
      </LevelItem>
    </Level>
    <br />
    <Divider />
    <br />
    <div>
      <Card>
        <Versions
          attributesFilePath=""
          contentType="assembly"
          modulePath=""
          onGetProduct={[Function]}
          onGetVersion={[Function]}
          onPublishEvent={[Function]}
          productInfo=""
          updateDate={[Function]}
          variant="DEFAULT"
          variantUUID=""
          versionModulePath=""
        />
      </Card>
    </div>
  </div>
</Fragment>
`;

exports[`AssemblyDisplay tests test componentDidMount function 1`] = `undefined`;

exports[`AssemblyDisplay tests test fetchModuleDetails function 1`] = `Promise {}`;

exports[`AssemblyDisplay tests test getPortalUrl function 1`] = `undefined`;

exports[`AssemblyDisplay tests test getProductInitialLoad function 1`] = `undefined`;

exports[`AssemblyDisplay tests test getVersionUUID function 1`] = `undefined`;
