// Jest Snapshot v1, https://goo.gl/fbAQLP

exports[`Login tests should render Login component 1`] = `
<Fragment>
  <Bullseye>
    <div
      className="app-container"
    >
      <div>
        <FormGroup
          fieldId="username"
          label="Username:"
        >
          <ForwardRef
            id="username"
            onChange={[Function]}
            onKeyPress={[Function]}
            placeholder="Username"
            type="text"
            value=""
          />
        </FormGroup>
        <br />
        <FormGroup
          fieldId="password"
          label="Password:"
        >
          <ForwardRef
            id="password"
            onChange={[Function]}
            onKeyPress={[Function]}
            placeholder="Password"
            type="password"
            value=""
          />
        </FormGroup>
        <br />
        <div>
          <Component
            onClick={[Function]}
          >
            Log In
          </Component>
        </div>
      </div>
    </div>
  </Bullseye>
</Fragment>
`;
