// Jest Snapshot v1, https://goo.gl/fbAQLP

exports[`Login tests should render Login component 1`] = `
<Fragment>
  <Bullseye>
    <div
      className="app-container"
    >
      <div>
        <FormGroup
          fieldId="module-name"
          label="Module Name"
        >
          <ForwardRef
            id="module-name"
            onChange={[Function]}
            placeholder="Module Name"
            type="text"
            value=""
          />
        </FormGroup>
        <br />
        <FormGroup
          fieldId="module-description"
          label="Module Description"
        >
          <ForwardRef
            id="module-description"
            onChange={[Function]}
            placeholder="Module Description"
            type="text"
            value=""
          />
        </FormGroup>
        <br />
        <FormGroup
          fieldId="input-file"
          label="Upload .adoc file: "
        >
          <input
            className="input-file"
            color="#dddddd"
            id="input"
            onChange={[Function]}
            type="file"
          />
        </FormGroup>
        <br />
        <Component
          aria-label="Uploads the .adoc file with the Name and Description specified."
          onClick={[Function]}
        >
          Save
        </Component>
        <div />
      </div>
    </div>
  </Bullseye>
</Fragment>
`;

exports[`Login tests test dismissNotification function 1`] = `undefined`;

exports[`Login tests test handleFileChange function 1`] = `undefined`;

exports[`Login tests test handleModuleInput function 1`] = `undefined`;

exports[`Login tests test handleNameInput function 1`] = `undefined`;

exports[`Login tests test renderRedirect function 1`] = `""`;

exports[`Login tests test setFile function 1`] = `undefined`;
