// Jest Snapshot v1, https://goo.gl/fbAQLP

exports[`ProductDetails tests should render ProductDetails component 1`] = `
<Fragment>
  <div
    className="app-container"
  >
    <Breadcrumb>
      <BreadcrumbItem>
        <a
          href="#/products"
          onClick={[Function]}
        >
          All Products
        </a>
      </BreadcrumbItem>
      <BreadcrumbItem
        isActive={true}
        to="#"
      >
        Product Details
      </BreadcrumbItem>
    </Breadcrumb>
  </div>
  <div
    className="app-container"
  >
    <Level>
      <LevelItem>
        <TextContent>
          <Text
            component="h1"
          >
            Red Hat Enterprise Linux
              
          </Text>
        </TextContent>
      </LevelItem>
      <LevelItem />
    </Level>
  </div>
  <br />
  <div>
    <Form>
      <div
        className="pant-form-width-md"
      >
        <FormGroup
          fieldId="new_version_name"
          isRequired={true}
          label="New Version:"
        >
          <ForwardRef
            id="new_version_name_text"
            onChange={[Function]}
            placeholder="New version name"
            type="text"
            value=""
          />
        </FormGroup>
        <br />
        <FormGroup
          fieldId="url_fragment"
          isRequired={true}
          label=" URL Fragment:"
        >
          <ForwardRef
            id="url_fragment_text"
            onChange={[Function]}
            placeholder="Url fragment"
            type="text"
            value=""
          />
        </FormGroup>
        <ActionGroup>
          <Button
            aria-label="Creates a new Version Name."
            onClick={[Function]}
          >
            Save
          </Button>
        </ActionGroup>
      </div>
    </Form>
  </div>
</Fragment>
`;

exports[`ProductDetails tests test componentWillReceiveProps function 1`] = `undefined`;

exports[`ProductDetails tests test createVersionsPath function 1`] = `[Function]`;

exports[`ProductDetails tests test fetchProductDetails function 1`] = `Array []`;

exports[`ProductDetails tests test handleUrlInputChange function 1`] = `undefined`;

exports[`ProductDetails tests test saveVersion function 1`] = `[Function]`;
