// Jest Snapshot v1, https://goo.gl/fbAQLP

exports[`ProductListing tests should render ProductListing component 1`] = `
<Fragment>
  <FormGroup
    fieldId="search"
    label="Search Products"
  >
    <div
      className="row-view"
    >
      <ForwardRef
        id="search"
        onChange={[Function]}
        placeholder="Type product name to search"
        type="text"
        value=""
      />
    </div>
  </FormGroup>
  <DataList
    aria-label="single action data list example "
  >
    <DataListItem
      aria-labelledby="single-action-item0"
      data-testid="emptyResults"
    >
      <DataListItemRow>
        <DataListItemCells
          dataListCells={
            Array [
              <DataListCell
                width={2}
              >
                <span
                  className="sp-prop-nosort"
                  id="product-name"
                >
                  No products found
                </span>
              </DataListCell>,
            ]
          }
        />
      </DataListItemRow>
    </DataListItem>
  </DataList>
</Fragment>
`;
