// Jest Snapshot v1, https://goo.gl/fbAQLP

exports[`Sidebar tests should render Sidebar component 1`] = `
<PageSidebar
  isNavOpen={true}
  nav={
    <aside
      className="pf-c-page__sidebar"
    >
      <Nav
        aria-label="Primary Nav Default"
        className="pf-c-nav"
        id="page-layout-default-nav-primary-nav"
        onSelect={[Function]}
        onToggle={[Function]}
        ouiaSafe={true}
        theme="dark"
      >
        <NavList
          ariaLeftScroll="Scroll left"
          ariaRightScroll="Scroll right"
          className="pf-c-nav__list"
        >
          <NavLinks
            isAdmin={false}
            isAuthor={false}
            isNavOpen={true}
            isPublisher={false}
            userAuthenticated={true}
            username="demo"
          />
        </NavList>
      </Nav>
    </aside>
  }
/>
`;
